// Jest Snapshot v1, https://goo.gl/fbAQLP

exports[`Should PokemonPage component render correctly 1`] = `
<div
  className="MuiContainer-root makeStyles-root-1 MuiContainer-maxWidthXl"
>
  <a
    href="/"
    onClick={[Function]}
    style={
      Object {
        "color": "inherit",
        "textDecoration": "none",
      }
    }
  >
    <button
      className="MuiButtonBase-root MuiButton-root MuiButton-text makeStyles-button-2 MuiButton-textPrimary MuiButton-textSizeLarge MuiButton-sizeLarge"
      disabled={false}
      onBlur={[Function]}
      onDragLeave={[Function]}
      onFocus={[Function]}
      onKeyDown={[Function]}
      onKeyUp={[Function]}
      onMouseDown={[Function]}
      onMouseLeave={[Function]}
      onMouseUp={[Function]}
      onTouchEnd={[Function]}
      onTouchMove={[Function]}
      onTouchStart={[Function]}
      tabIndex={0}
      type="button"
    >
      <span
        className="MuiButton-label"
      >
        <span
          className="MuiButton-startIcon MuiButton-iconSizeLarge"
        >
          <svg
            aria-hidden={true}
            className="MuiSvgIcon-root"
            focusable="false"
            viewBox="0 0 24 24"
          >
            <path
              d="M15.41 7.41L14 6l-6 6 6 6 1.41-1.41L10.83 12z"
            />
          </svg>
        </span>
        Back
      </span>
    </button>
  </a>
  <div
    className="MuiPaper-root MuiPaper-elevation3 MuiPaper-rounded"
  >
    <img
      alt="bulbasaur (id: 1)"
      className="MuiCardMedia-root MuiCardMedia-media MuiCardMedia-img"
      src="/img/1.png"
      title="bulbasaur (id: 1)"
    />
    <div
      className="MuiCardContent-root"
    >
      <p
        className="MuiTypography-root MuiTypography-h5 MuiTypography-gutterBottom"
      >
        BULBASAUR (ID: 1)
      </p>
      <p
        className="MuiTypography-root MuiTypography-body2 MuiTypography-colorTextSecondary"
      >
        Caught on 11/25/2020
      </p>
    </div>
  </div>
</div>
`;
